[2026-09-21T07:04:24+00:00] uri=/blog/ theme=sinofresh-theme-preflight
[2026-09-21T07:04:24+00:00] uri=/ theme=sinofresh-theme-preflight
[2026-09-21T07:04:24+00:00] uri=/faq/ theme=sinofresh-theme-preflight
[2026-09-21T07:04:24+00:00] uri=/services/ theme=sinofresh-theme-preflight
[2026-09-21T07:04:24+00:00] uri=/quality/ theme=sinofresh-theme-preflight
[2026-09-21T07:04:24+00:00] uri=/formulas/ theme=sinofresh-theme-preflight
[2026-09-21T07:04:25+00:00] uri=/about/ theme=sinofresh-theme-preflight
[2026-09-21T07:04:25+00:00] uri=/contact/ theme=sinofresh-theme-preflight
[2026-09-21T07:04:25+00:00] uri=/factory-tour/ theme=sinofresh-theme-preflight
[2026-09-21T07:04:25+00:00] uri=/cooperation/ theme=sinofresh-theme-preflight
[2026-09-21T07:04:26+00:00] uri=/products/ theme=sinofresh-theme-preflight
[2026-09-21T07:04:27+00:00] uri=/privacy-policy/ theme=sinofresh-theme-preflight
[2026-09-21T07:04:27+00:00] uri=/cookie-policy/ theme=sinofresh-theme-preflight
[2026-09-21T07:04:27+00:00] uri=/terms/ theme=sinofresh-theme-preflight
[2026-09-21T07:04:27+00:00] uri=/feedback/ theme=sinofresh-theme-preflight
[2026-09-21T07:04:27+00:00] uri=/zh/ theme=sinofresh-theme-preflight
[2026-09-21T07:04:27+00:00] uri=/zh/products/soft-chews/ theme=sinofresh-theme-preflight
[2026-09-21T07:04:27+00:00] uri=/zh/products/tablets/ theme=sinofresh-theme-preflight
[2026-09-21T07:04:28+00:00] uri=/zh/formulas/ theme=sinofresh-theme-preflight
[2026-09-21T07:04:28+00:00] uri=/zh/products/powders/ theme=sinofresh-theme-preflight
[2026-09-21T07:04:29+00:00] uri=/zh/products/pastes/ theme=sinofresh-theme-preflight
[2026-09-21T07:04:29+00:00] uri=/zh/products/drops/ theme=sinofresh-theme-preflight
[2026-09-21T07:04:29+00:00] uri=/zh/products/liquids/ theme=sinofresh-theme-preflight
[2026-09-21T07:04:30+00:00] uri=/zh/products/fish-oil/ theme=sinofresh-theme-preflight
[2026-09-21T07:04:31+00:00] uri=/products/soft-chews/ theme=sinofresh-theme-preflight
[2026-09-21T07:04:31+00:00] uri=/products/tablets/ theme=sinofresh-theme-preflight
[2026-09-21T07:04:31+00:00] uri=/products/powders/ theme=sinofresh-theme-preflight
[2026-09-21T07:04:32+00:00] uri=/zh/products/dental-chews/ theme=sinofresh-theme-preflight
[2026-09-21T07:04:32+00:00] uri=/products/pastes/ theme=sinofresh-theme-preflight
[2026-09-21T07:04:32+00:00] uri=/products/drops/ theme=sinofresh-theme-preflight
[2026-09-21T07:04:33+00:00] uri=/products/liquids/ theme=sinofresh-theme-preflight
[2026-09-21T07:04:33+00:00] uri=/products/fish-oil/ theme=sinofresh-theme-preflight
[2026-09-21T07:04:33+00:00] uri=/products/dental-chews/ theme=sinofresh-theme-preflight
[2026-09-21T07:04:34+00:00] uri=/formulas/natural-cleaning-dental-sticks/ theme=sinofresh-theme-preflight
[2026-09-21T07:04:34+00:00] uri=/formulas/oral-care-dental-sticks/ theme=sinofresh-theme-preflight
[2026-09-21T07:04:34+00:00] uri=/formulas/plaque-control-dental-chews/ theme=sinofresh-theme-preflight
[2026-09-21T07:04:35+00:00] uri=/formulas/pure-fish-oil-blend/ theme=sinofresh-theme-preflight
[2026-09-21T07:04:35+00:00] uri=/formulas/liquid-joint-support/ theme=sinofresh-theme-preflight
[2026-09-21T07:04:35+00:00] uri=/formulas/urinary-care-drops/ theme=sinofresh-theme-preflight
[2026-09-21T07:04:35+00:00] uri=/formulas/ear-care-drops/ theme=sinofresh-theme-preflight
[2026-09-21T07:04:36+00:00] uri=/formulas/nutrition-paste/ theme=sinofresh-theme-preflight
[2026-09-21T07:04:36+00:00] uri=/formulas/hairball-remedy-paste/ theme=sinofresh-theme-preflight
[2026-09-21T07:04:36+00:00] uri=/formulas/bladder-support-powder/ theme=sinofresh-theme-preflight
[2026-09-21T07:04:36+00:00] uri=/formulas/liquid-skin-coat/ theme=sinofresh-theme-preflight
[2026-09-21T07:04:36+00:00] uri=/formulas/wild-alaskan-salmon-oil/ theme=sinofresh-theme-preflight
[2026-09-21T07:04:37+00:00] uri=/formulas/probiotic-powder/ theme=sinofresh-theme-preflight
[2026-09-21T07:04:38+00:00] uri=/formulas/skin-coat-soft-chews/ theme=sinofresh-theme-preflight
[2026-09-21T07:04:38+00:00] uri=/formulas/pumpkin-digestive-powder/ theme=sinofresh-theme-preflight
[2026-09-21T07:04:38+00:00] uri=/formulas/calcium-phosphorus-tablets/ theme=sinofresh-theme-preflight
[2026-09-21T07:04:38+00:00] uri=/formulas/digestive-soft-chews/ theme=sinofresh-theme-preflight
[2026-09-21T07:04:39+00:00] uri=/formulas/calming-soft-chews/ theme=sinofresh-theme-preflight
[2026-09-21T07:04:39+00:00] uri=/formulas/joint-support-tablets/ theme=sinofresh-theme-preflight
[2026-09-21T07:04:39+00:00] uri=/formulas/multivitamin-tablets/ theme=sinofresh-theme-preflight
[2026-09-21T07:04:39+00:00] uri=/formulas/joint-support-soft-chews/ theme=sinofresh-theme-preflight
[2026-09-21T07:04:39+00:00] uri=/zh/formulas/natural-cleaning-dental-sticks/ theme=sinofresh-theme-preflight
[2026-09-21T07:04:40+00:00] uri=/zh/formulas/oral-care-dental-sticks/ theme=sinofresh-theme-preflight
[2026-09-21T07:04:40+00:00] uri=/zh/formulas/plaque-control-dental-chews/ theme=sinofresh-theme-preflight
[2026-09-21T07:04:40+00:00] uri=/zh/formulas/pure-fish-oil-blend/ theme=sinofresh-theme-preflight
[2026-09-21T07:04:41+00:00] uri=/zh/formulas/wild-alaskan-salmon-oil/ theme=sinofresh-theme-preflight
[2026-09-21T07:04:41+00:00] uri=/zh/formulas/liquid-joint-support/ theme=sinofresh-theme-preflight
[2026-09-21T07:04:42+00:00] uri=/zh/formulas/nutrition-paste/ theme=sinofresh-theme-preflight
[2026-09-21T07:04:42+00:00] uri=/zh/formulas/ear-care-drops/ theme=sinofresh-theme-preflight
[2026-09-21T07:04:42+00:00] uri=/zh/formulas/hairball-remedy-paste/ theme=sinofresh-theme-preflight
[2026-09-21T07:04:42+00:00] uri=/zh/formulas/bladder-support-powder/ theme=sinofresh-theme-preflight
[2026-09-21T07:04:43+00:00] uri=/zh/formulas/urinary-care-drops/ theme=sinofresh-theme-preflight
[2026-09-21T07:04:43+00:00] uri=/zh/formulas/pumpkin-digestive-powder/ theme=sinofresh-theme-preflight
[2026-09-21T07:04:43+00:00] uri=/zh/formulas/probiotic-powder/ theme=sinofresh-theme-preflight
[2026-09-21T07:04:44+00:00] uri=/zh/formulas/calcium-phosphorus-tablets/ theme=sinofresh-theme-preflight
[2026-09-21T07:04:44+00:00] uri=/zh/formulas/multivitamin-tablets/ theme=sinofresh-theme-preflight
[2026-09-21T07:04:45+00:00] uri=/zh/formulas/skin-coat-soft-chews/ theme=sinofresh-theme-preflight
[2026-09-21T07:04:45+00:00] uri=/zh/formulas/digestive-soft-chews/ theme=sinofresh-theme-preflight
[2026-09-21T07:04:45+00:00] uri=/zh/formulas/calming-soft-chews/ theme=sinofresh-theme-preflight
[2026-09-21T07:04:45+00:00] uri=/zh/formulas/joint-support-soft-chews/ theme=sinofresh-theme-preflight
[2026-09-21T07:04:45+00:00] uri=/zh/formulas/liquid-skin-coat/ theme=sinofresh-theme-preflight
[2026-09-21T07:04:46+00:00] uri=/zh/formulas/joint-support-tablets/ theme=sinofresh-theme-preflight
[2026-09-21T07:09:12+00:00] uri=/formulas/joint-support-soft-chews/ theme=sinofresh-theme-preflight
[2026-09-21T07:09:17+00:00] uri=/formulas/joint-support-soft-chews/ theme=sinofresh-theme-preflight
[2026-09-21T07:09:21+00:00] uri=/formulas/pure-fish-oil-blend/ theme=sinofresh-theme-preflight
[2026-09-21T07:09:22+00:00] uri=/formulas/pure-fish-oil-blend/ theme=sinofresh-theme-preflight
[2026-09-21T07:09:26+00:00] uri=/formulas/pure-fish-oil-blend/ theme=sinofresh-theme-preflight
[2026-09-21T07:09:30+00:00] uri=/zh/formulas/joint-support-soft-chews/ theme=sinofresh-theme-preflight
[2026-09-21T07:09:31+00:00] uri=/zh/formulas/joint-support-soft-chews/ theme=sinofresh-theme-preflight
[2026-09-21T07:09:36+00:00] uri=/zh/formulas/joint-support-soft-chews/ theme=sinofresh-theme-preflight
[2026-09-21T07:09:41+00:00] uri=/formulas/joint-support-soft-chews/ theme=sinofresh-theme-preflight
[2026-09-21T07:09:45+00:00] uri=/products/soft-chews/ theme=sinofresh-theme-preflight
[2026-09-21T07:09:49+00:00] uri=/products/tablets/ theme=sinofresh-theme-preflight
[2026-09-21T07:09:50+00:00] uri=/products/tablets/ theme=sinofresh-theme-preflight
[2026-09-21T07:09:54+00:00] uri=/products/powders/ theme=sinofresh-theme-preflight
[2026-09-21T07:09:55+00:00] uri=/products/powders/ theme=sinofresh-theme-preflight
[2026-09-21T07:09:59+00:00] uri=/products/pastes/ theme=sinofresh-theme-preflight
[2026-09-21T07:10:00+00:00] uri=/products/pastes/ theme=sinofresh-theme-preflight
[2026-09-21T07:10:04+00:00] uri=/products/drops/ theme=sinofresh-theme-preflight
[2026-09-21T07:10:06+00:00] uri=/products/drops/ theme=sinofresh-theme-preflight
[2026-09-21T07:10:09+00:00] uri=/products/liquids/ theme=sinofresh-theme-preflight
[2026-09-21T07:10:11+00:00] uri=/products/liquids/ theme=sinofresh-theme-preflight
[2026-09-21T07:10:14+00:00] uri=/products/fish-oil/ theme=sinofresh-theme-preflight
[2026-09-21T07:10:16+00:00] uri=/products/fish-oil/ theme=sinofresh-theme-preflight
[2026-09-21T07:10:20+00:00] uri=/products/dental-chews/ theme=sinofresh-theme-preflight
[2026-09-21T07:10:21+00:00] uri=/products/dental-chews/ theme=sinofresh-theme-preflight
[2026-09-21T07:10:25+00:00] uri=/products/soft-chews/ theme=sinofresh-theme-preflight
[2026-09-21T07:10:47+00:00] uri=/formulas/joint-support-soft-chews/ theme=sinofresh-theme-preflight
[2026-09-21T07:11:25+00:00] uri=/formulas/joint-support-soft-chews/ theme=sinofresh-theme-preflight
[2026-09-21T07:11:48+00:00] uri=/products/soft-chews/ theme=sinofresh-theme-preflight
[2026-09-21T07:13:04+00:00] uri=/formulas/joint-support-soft-chews/ theme=sinofresh-theme-preflight
[2026-09-21T07:13:11+00:00] uri=/formulas/joint-support-soft-chews/ theme=sinofresh-theme-preflight
[2026-09-21T07:13:15+00:00] uri=/formulas/pure-fish-oil-blend/ theme=sinofresh-theme-preflight
[2026-09-21T07:13:17+00:00] uri=/formulas/pure-fish-oil-blend/ theme=sinofresh-theme-preflight
[2026-09-21T07:13:21+00:00] uri=/formulas/pure-fish-oil-blend/ theme=sinofresh-theme-preflight
[2026-09-21T07:13:25+00:00] uri=/zh/formulas/joint-support-soft-chews/ theme=sinofresh-theme-preflight
[2026-09-21T07:13:27+00:00] uri=/zh/formulas/joint-support-soft-chews/ theme=sinofresh-theme-preflight
[2026-09-21T07:13:32+00:00] uri=/zh/formulas/joint-support-soft-chews/ theme=sinofresh-theme-preflight
[2026-09-21T07:13:37+00:00] uri=/formulas/joint-support-soft-chews/ theme=sinofresh-theme-preflight
[2026-09-21T07:13:42+00:00] uri=/products/soft-chews/ theme=sinofresh-theme-preflight
[2026-09-21T07:13:47+00:00] uri=/products/tablets/ theme=sinofresh-theme-preflight
[2026-09-21T07:13:50+00:00] uri=/products/tablets/ theme=sinofresh-theme-preflight
[2026-09-21T07:13:55+00:00] uri=/products/powders/ theme=sinofresh-theme-preflight
[2026-09-21T07:13:57+00:00] uri=/products/powders/ theme=sinofresh-theme-preflight
[2026-09-21T07:14:01+00:00] uri=/products/pastes/ theme=sinofresh-theme-preflight
[2026-09-21T07:14:03+00:00] uri=/products/pastes/ theme=sinofresh-theme-preflight
[2026-09-21T07:14:08+00:00] uri=/products/drops/ theme=sinofresh-theme-preflight
[2026-09-21T07:14:10+00:00] uri=/products/drops/ theme=sinofresh-theme-preflight
[2026-09-21T07:14:15+00:00] uri=/products/liquids/ theme=sinofresh-theme-preflight
[2026-09-21T07:14:17+00:00] uri=/products/liquids/ theme=sinofresh-theme-preflight
[2026-09-21T07:14:20+00:00] uri=/products/fish-oil/ theme=sinofresh-theme-preflight
[2026-09-21T07:14:22+00:00] uri=/products/fish-oil/ theme=sinofresh-theme-preflight
[2026-09-21T07:14:26+00:00] uri=/products/dental-chews/ theme=sinofresh-theme-preflight
[2026-09-21T07:14:29+00:00] uri=/products/dental-chews/ theme=sinofresh-theme-preflight
[2026-09-21T07:14:34+00:00] uri=/products/soft-chews/ theme=sinofresh-theme-preflight
[2026-09-21T07:14:42+00:00] uri=/formulas/joint-support-soft-chews/ theme=sinofresh-theme-preflight
[2026-09-21T07:14:51+00:00] uri=/products/soft-chews/ theme=sinofresh-theme-preflight
[2026-09-21T07:15:46+00:00] uri=/formulas/joint-support-soft-chews/ theme=sinofresh-theme-preflight
[2026-09-21T07:15:52+00:00] uri=/formulas/joint-support-soft-chews/ theme=sinofresh-theme-preflight
[2026-09-21T07:15:56+00:00] uri=/formulas/pure-fish-oil-blend/ theme=sinofresh-theme-preflight
[2026-09-21T07:15:58+00:00] uri=/formulas/pure-fish-oil-blend/ theme=sinofresh-theme-preflight
[2026-09-21T07:16:02+00:00] uri=/formulas/pure-fish-oil-blend/ theme=sinofresh-theme-preflight
[2026-09-21T07:16:06+00:00] uri=/zh/formulas/joint-support-soft-chews/ theme=sinofresh-theme-preflight
[2026-09-21T07:16:08+00:00] uri=/zh/formulas/joint-support-soft-chews/ theme=sinofresh-theme-preflight
[2026-09-21T07:16:13+00:00] uri=/zh/formulas/joint-support-soft-chews/ theme=sinofresh-theme-preflight
[2026-09-21T07:16:18+00:00] uri=/formulas/joint-support-soft-chews/ theme=sinofresh-theme-preflight
[2026-09-21T07:16:23+00:00] uri=/products/soft-chews/ theme=sinofresh-theme-preflight
[2026-09-21T07:16:27+00:00] uri=/products/tablets/ theme=sinofresh-theme-preflight
[2026-09-21T07:16:28+00:00] uri=/products/tablets/ theme=sinofresh-theme-preflight
[2026-09-21T07:16:33+00:00] uri=/products/powders/ theme=sinofresh-theme-preflight
[2026-09-21T07:16:36+00:00] uri=/products/powders/ theme=sinofresh-theme-preflight
[2026-09-21T07:16:40+00:00] uri=/products/pastes/ theme=sinofresh-theme-preflight
[2026-09-21T07:16:42+00:00] uri=/products/pastes/ theme=sinofresh-theme-preflight
[2026-09-21T07:16:46+00:00] uri=/products/drops/ theme=sinofresh-theme-preflight
[2026-09-21T07:16:49+00:00] uri=/products/drops/ theme=sinofresh-theme-preflight
[2026-09-21T07:16:54+00:00] uri=/products/liquids/ theme=sinofresh-theme-preflight
[2026-09-21T07:16:56+00:00] uri=/products/liquids/ theme=sinofresh-theme-preflight
[2026-09-21T07:17:01+00:00] uri=/products/fish-oil/ theme=sinofresh-theme-preflight
[2026-09-21T07:17:03+00:00] uri=/products/fish-oil/ theme=sinofresh-theme-preflight
[2026-09-21T07:17:07+00:00] uri=/products/dental-chews/ theme=sinofresh-theme-preflight
[2026-09-21T07:17:10+00:00] uri=/products/dental-chews/ theme=sinofresh-theme-preflight
[2026-09-21T07:17:16+00:00] uri=/products/soft-chews/ theme=sinofresh-theme-preflight
[2026-09-21T07:17:27+00:00] uri=/formulas/joint-support-soft-chews/ theme=sinofresh-theme-preflight
[2026-09-21T07:17:36+00:00] uri=/products/soft-chews/ theme=sinofresh-theme-preflight
[2026-09-21T07:18:47+00:00] uri=/formulas/joint-support-soft-chews/ theme=sinofresh-theme-preflight
